2025/11/07 14:57:36 Database connected successfully

2025/11/07 14:57:36 [32m/Users/arsalaanmohammed/Desktop/Convin-Voice-Api-main/go-backend/internal/database/database.go:53
[0m[33m[0.038ms] [34;1m[rows:-][0m SELECT count(*) FROM sqlite_master WHERE type='table' AND name="users"

2025/11/07 14:57:36 [32m/Users/arsalaanmohammed/Desktop/Convin-Voice-Api-main/go-backend/internal/database/database.go:53
[0m[33m[0.071ms] [34;1m[rows:4][0m SELECT sql FROM sqlite_master WHERE type IN ("table","index") AND tbl_name = "users" AND sql IS NOT NULL order by type = "table" desc

2025/11/07 14:57:36 [32m/Users/arsalaanmohammed/Desktop/Convin-Voice-Api-main/go-backend/internal/database/database.go:53
[0m[33m[0.032ms] [34;1m[rows:-][0m SELECT * FROM `users` LIMIT 1

2025/11/07 14:57:36 [32m/Users/arsalaanmohammed/Desktop/Convin-Voice-Api-main/go-backend/internal/database/database.go:53
[0m[33m[0.014ms] [34;1m[rows:-][0m SELECT count(*) FROM sqlite_master WHERE type = "index" AND tbl_name = "users" AND name = "idx_users_username"

2025/11/07 14:57:36 [32m/Users/arsalaanmohammed/Desktop/Convin-Voice-Api-main/go-backend/internal/database/database.go:53
[0m[33m[0.010ms] [34;1m[rows:-][0m SELECT count(*) FROM sqlite_master WHERE type = "index" AND tbl_name = "users" AND name = "idx_users_email"

2025/11/07 14:57:36 [32m/Users/arsalaanmohammed/Desktop/Convin-Voice-Api-main/go-backend/internal/database/database.go:53
[0m[33m[0.008ms] [34;1m[rows:-][0m SELECT count(*) FROM sqlite_master WHERE type = "index" AND tbl_name = "users" AND name = "idx_users_deleted_at"

2025/11/07 14:57:36 [32m/Users/arsalaanmohammed/Desktop/Convin-Voice-Api-main/go-backend/internal/database/database.go:53
[0m[33m[0.008ms] [34;1m[rows:-][0m SELECT count(*) FROM sqlite_master WHERE type='table' AND name="api_keys"

2025/11/07 14:57:36 [32m/Users/arsalaanmohammed/Desktop/Convin-Voice-Api-main/go-backend/internal/database/database.go:53
[0m[33m[0.036ms] [34;1m[rows:3][0m SELECT sql FROM sqlite_master WHERE type IN ("table","index") AND tbl_name = "api_keys" AND sql IS NOT NULL order by type = "table" desc

2025/11/07 14:57:36 [32m/Users/arsalaanmohammed/Desktop/Convin-Voice-Api-main/go-backend/internal/database/database.go:53
[0m[33m[0.013ms] [34;1m[rows:-][0m SELECT * FROM `api_keys` LIMIT 1

2025/11/07 14:57:36 [32m/Users/arsalaanmohammed/Desktop/Convin-Voice-Api-main/go-backend/internal/database/database.go:53
[0m[33m[0.018ms] [34;1m[rows:-][0m SELECT count(*) FROM sqlite_master WHERE type = "table" AND tbl_name = "api_keys" AND (sql LIKE "%CONSTRAINT ""fk_users_api_keys"" %" OR sql LIKE "%CONSTRAINT fk_users_api_keys %" OR sql LIKE "%CONSTRAINT `fk_users_api_keys`%" OR sql LIKE "%CONSTRAINT [fk_users_api_keys]%" OR sql LIKE "%CONSTRAINT 	fk_users_api_keys	%")

2025/11/07 14:57:36 [32m/Users/arsalaanmohammed/Desktop/Convin-Voice-Api-main/go-backend/internal/database/database.go:53
[0m[33m[0.008ms] [34;1m[rows:-][0m SELECT count(*) FROM sqlite_master WHERE type = "index" AND tbl_name = "api_keys" AND name = "idx_api_keys_key"

2025/11/07 14:57:36 [32m/Users/arsalaanmohammed/Desktop/Convin-Voice-Api-main/go-backend/internal/database/database.go:53
[0m[33m[0.007ms] [34;1m[rows:-][0m SELECT count(*) FROM sqlite_master WHERE type = "index" AND tbl_name = "api_keys" AND name = "idx_api_keys_deleted_at"

2025/11/07 14:57:36 [32m/Users/arsalaanmohammed/Desktop/Convin-Voice-Api-main/go-backend/internal/database/database.go:53
[0m[33m[0.007ms] [34;1m[rows:-][0m SELECT count(*) FROM sqlite_master WHERE type='table' AND name="usages"

2025/11/07 14:57:36 [32m/Users/arsalaanmohammed/Desktop/Convin-Voice-Api-main/go-backend/internal/database/database.go:53
[0m[33m[0.033ms] [34;1m[rows:2][0m SELECT sql FROM sqlite_master WHERE type IN ("table","index") AND tbl_name = "usages" AND sql IS NOT NULL order by type = "table" desc

2025/11/07 14:57:36 [32m/Users/arsalaanmohammed/Desktop/Convin-Voice-Api-main/go-backend/internal/database/database.go:53
[0m[33m[0.011ms] [34;1m[rows:-][0m SELECT * FROM `usages` LIMIT 1

2025/11/07 14:57:36 [32m/Users/arsalaanmohammed/Desktop/Convin-Voice-Api-main/go-backend/internal/database/database.go:53
[0m[33m[0.013ms] [34;1m[rows:-][0m SELECT count(*) FROM sqlite_master WHERE type = "table" AND tbl_name = "usages" AND (sql LIKE "%CONSTRAINT ""fk_usages_api_key"" %" OR sql LIKE "%CONSTRAINT fk_usages_api_key %" OR sql LIKE "%CONSTRAINT `fk_usages_api_key`%" OR sql LIKE "%CONSTRAINT [fk_usages_api_key]%" OR sql LIKE "%CONSTRAINT 	fk_usages_api_key	%")

2025/11/07 14:57:36 [32m/Users/arsalaanmohammed/Desktop/Convin-Voice-Api-main/go-backend/internal/database/database.go:53
[0m[33m[0.011ms] [34;1m[rows:-][0m SELECT count(*) FROM sqlite_master WHERE type = "table" AND tbl_name = "usages" AND (sql LIKE "%CONSTRAINT ""fk_users_usage"" %" OR sql LIKE "%CONSTRAINT fk_users_usage %" OR sql LIKE "%CONSTRAINT `fk_users_usage`%" OR sql LIKE "%CONSTRAINT [fk_users_usage]%" OR sql LIKE "%CONSTRAINT 	fk_users_usage	%")

2025/11/07 14:57:36 [32m/Users/arsalaanmohammed/Desktop/Convin-Voice-Api-main/go-backend/internal/database/database.go:53
[0m[33m[0.011ms] [34;1m[rows:-][0m SELECT count(*) FROM sqlite_master WHERE type = "index" AND tbl_name = "usages" AND name = "idx_usages_deleted_at"
2025/11/07 14:57:36 Database migrations completed successfully
[GIN-debug] [WARNING] Running in "debug" mode. Switch to "release" mode in production.
 - using env:	export GIN_MODE=release
 - using code:	gin.SetMode(gin.ReleaseMode)

[GIN-debug] GET    /health                   --> convin-voice-api/internal/routes.SetupRoutes.func1 (4 handlers)
[GIN-debug] POST   /api/v1/auth/register     --> convin-voice-api/internal/handlers.(*AuthHandler).Register-fm (4 handlers)
[GIN-debug] POST   /api/v1/auth/login        --> convin-voice-api/internal/handlers.(*AuthHandler).Login-fm (4 handlers)
[GIN-debug] GET    /api/v1/stt/languages     --> convin-voice-api/internal/handlers.(*STTHandler).GetSupportedLanguages-fm (4 handlers)
[GIN-debug] GET    /api/v1/stt/formats       --> convin-voice-api/internal/handlers.(*STTHandler).GetSupportedFormats-fm (4 handlers)
[GIN-debug] GET    /api/v1/tts/voices        --> convin-voice-api/internal/handlers.(*TTSHandler).GetVoices-fm (4 handlers)
[GIN-debug] GET    /api/v1/tts/voices/:id    --> convin-voice-api/internal/handlers.(*TTSHandler).GetVoice-fm (4 handlers)
[GIN-debug] GET    /api/v1/tts/languages     --> convin-voice-api/internal/handlers.(*TTSHandler).GetSupportedLanguages-fm (4 handlers)
[GIN-debug] GET    /api/v1/tts/formats       --> convin-voice-api/internal/handlers.(*TTSHandler).GetSupportedFormats-fm (4 handlers)
[GIN-debug] GET    /api/v1/profile           --> convin-voice-api/internal/handlers.(*AuthHandler).GetProfile-fm (5 handlers)
[GIN-debug] PUT    /api/v1/profile           --> convin-voice-api/internal/handlers.(*AuthHandler).UpdateProfile-fm (5 handlers)
[GIN-debug] GET    /api/v1/api-keys          --> convin-voice-api/internal/handlers.(*UserHandler).GetAPIKeys-fm (5 handlers)
[GIN-debug] POST   /api/v1/api-keys          --> convin-voice-api/internal/handlers.(*UserHandler).CreateAPIKey-fm (5 handlers)
[GIN-debug] PUT    /api/v1/api-keys/:id      --> convin-voice-api/internal/handlers.(*UserHandler).UpdateAPIKey-fm (5 handlers)
[GIN-debug] DELETE /api/v1/api-keys/:id      --> convin-voice-api/internal/handlers.(*UserHandler).DeleteAPIKey-fm (5 handlers)
[GIN-debug] GET    /api/v1/usage             --> convin-voice-api/internal/handlers.(*UserHandler).GetUsage-fm (5 handlers)
[GIN-debug] POST   /api/v1/stt/transcribe    --> convin-voice-api/internal/handlers.(*STTHandler).Transcribe-fm (6 handlers)
[GIN-debug] GET    /api/v1/stt/stream        --> convin-voice-api/internal/handlers.(*STTHandler).StreamTranscribe-fm (5 handlers)
[GIN-debug] POST   /api/v1/tts/generate      --> convin-voice-api/internal/handlers.(*TTSHandler).GenerateSpeech-fm (6 handlers)
[GIN-debug] POST   /api/v1/tts/generate-json --> convin-voice-api/internal/handlers.(*TTSHandler).GenerateSpeechJSON-fm (6 handlers)
[GIN-debug] GET    /ws/stt                   --> convin-voice-api/internal/handlers.(*STTHandler).StreamTranscribe-fm (4 handlers)
time="2025-11-07T14:57:36+05:30" level=info msg="Starting server on port 8080"
[GIN-debug] [WARNING] You trusted all proxies, this is NOT safe. We recommend you to set a value.
Please check https://pkg.go.dev/github.com/gin-gonic/gin#readme-don-t-trust-all-proxies for details.
[GIN-debug] Listening and serving HTTP on :8080
